Message actions  Reply to sender Reply to list or to sender and all recipients Forward the message   Open in new window
Subject:10 samples
Contact photo
From	Bhavsar, Dhrutiv <dhrutiv.bhavsar@fau.de>	Date	Today 00:42
Message Body
### Starting TaskPrologue of job 1765340 on tg081 at Thu Jul 30 06:59:15 PM CEST 2026
Running on cores 2-3,18-19,34-35,50-51 with governor powersave
Thu Jul 30 18:59:15 2026
+-----------------------------------------------------------------------------------------+
| NVIDIA-SMI 610.43.02              KMD Version: 610.43.02     CUDA UMD Version: 13.3     |
+-----------------------------------------+------------------------+----------------------+
| GPU  Name                 Persistence-M | Bus-Id          Disp.A | Volatile Uncorr. ECC |
| Fan  Temp   Perf          Pwr:Usage/Cap |           Memory-Usage | GPU-Util  Compute M. |
|                                         |                        |               MIG M. |
|=========================================+========================+======================|
|   0  NVIDIA GeForce RTX 3080        On  |   00000000:1B:00.0 Off |                  N/A |
| 30%   36C    P8             15W /  300W |       1MiB /  10240MiB |      0%      Default |
|                                         |                        |                  N/A |
+-----------------------------------------+------------------------+----------------------+

+-----------------------------------------------------------------------------------------+
| Processes:                                                                              |
|  GPU   GI   CI              PID   Type   Process name                        GPU Memory |
|        ID   ID                                                               Usage      |
|=========================================================================================|
|  No running processes found                                                             |
+-----------------------------------------------------------------------------------------+
### Finished TaskPrologue

node: tg081 | started: Thu Jul 30 06:59:17 PM CEST 2026
variant A: 10 samples
variant B: 10 samples
===== VARIANT A =====
SEED EVERYTHING TO 0
Add-ons: [<function get_preprocessed_meta at 0x730a00009240>]
Dataset initialize finished
Reload ckpt specified in the config file data/checkpoints/drawspeech_fixed.ckpt
LatentDiffusion: Running in eps-prediction mode
DiffusionWrapper has 93.85 M params.
Keeping EMAs of 784.
making attention of type 'vanilla' with 512 in_channels
making attention of type 'vanilla' with 512 in_channels
loaded pretrained LPIPS loss from taming/modules/autoencoder/lpips/vgg.pth
==> Loading HiFi-GAN LJ_V1 (https://github.com/jik876/hifi-gan) pretrained on LJSpeech
Removing weight norm...
Initial learning rate 1e-05
--> Reload weight of autoencoder from data/checkpoints/vae.ckpt
prob_drop_pitch: 0.2 | prob_drop_energy: 0.2
Set infer mode for TextEncoderwithVarianceAdaptor
Set infer mode for SketchEncoder
Waveform inference save path:  ./log/latent_diffusion/config/drawspeech_ljspeech_22k/infer_07-30-19:00_cfg_scale_3.5_ddim_200_n_cand_1
Plotting: Switched to EMA weights
Non-fatal Warning [dataset.py]: The wav path " wavs/LJ038-0144.wav " is not find in the metadata. Use empty waveform instead. This is normal in the inference process.
Given pitch_sketch: True | Given energy_sketch: True
Given pitch: False | Given energy: False | Given phoneme_duration: True
Use ddim sampler
Data shape for DDIM sampling is (1, 8, 216, 20), eta 1.0
Running DDIM Sampling with 200 timesteps
Non-fatal Warning [dataset.py]: The wav path " wavs/LJ014-0074.wav " is not find in the metadata. Use empty waveform instead. This is normal in the inference process.
Given pitch_sketch: True | Given energy_sketch: True
Given pitch: False | Given energy: False | Given phoneme_duration: True
Use ddim sampler
Data shape for DDIM sampling is (1, 8, 216, 20), eta 1.0
Running DDIM Sampling with 200 timesteps
Non-fatal Warning [dataset.py]: The wav path " wavs/LJ047-0199.wav " is not find in the metadata. Use empty waveform instead. This is normal in the inference process.
Given pitch_sketch: True | Given energy_sketch: True
Given pitch: False | Given energy: False | Given phoneme_duration: True
Use ddim sampler
Data shape for DDIM sampling is (1, 8, 216, 20), eta 1.0
Running DDIM Sampling with 200 timesteps
Non-fatal Warning [dataset.py]: The wav path " wavs/LJ033-0181.wav " is not find in the metadata. Use empty waveform instead. This is normal in the inference process.
Given pitch_sketch: True | Given energy_sketch: True
Given pitch: False | Given energy: False | Given phoneme_duration: True
Use ddim sampler
Data shape for DDIM sampling is (1, 8, 216, 20), eta 1.0
Running DDIM Sampling with 200 timesteps
Non-fatal Warning [dataset.py]: The wav path " wavs/LJ014-0294.wav " is not find in the metadata. Use empty waveform instead. This is normal in the inference process.
Given pitch_sketch: True | Given energy_sketch: True
Given pitch: False | Given energy: False | Given phoneme_duration: True
Use ddim sampler
Data shape for DDIM sampling is (1, 8, 216, 20), eta 1.0
Running DDIM Sampling with 200 timesteps
Non-fatal Warning [dataset.py]: The wav path " wavs/LJ027-0072.wav " is not find in the metadata. Use empty waveform instead. This is normal in the inference process.
Given pitch_sketch: True | Given energy_sketch: True
Given pitch: False | Given energy: False | Given phoneme_duration: True
Use ddim sampler
Data shape for DDIM sampling is (1, 8, 216, 20), eta 1.0
Running DDIM Sampling with 200 timesteps
Non-fatal Warning [dataset.py]: The wav path " wavs/LJ021-0019.wav " is not find in the metadata. Use empty waveform instead. This is normal in the inference process.
Given pitch_sketch: True | Given energy_sketch: True
Given pitch: False | Given energy: False | Given phoneme_duration: True
Use ddim sampler
Data shape for DDIM sampling is (1, 8, 216, 20), eta 1.0
Running DDIM Sampling with 200 timesteps
Non-fatal Warning [dataset.py]: The wav path " wavs/LJ030-0151.wav " is not find in the metadata. Use empty waveform instead. This is normal in the inference process.
Given pitch_sketch: True | Given energy_sketch: True
Given pitch: False | Given energy: False | Given phoneme_duration: True
Use ddim sampler
Data shape for DDIM sampling is (1, 8, 216, 20), eta 1.0
Running DDIM Sampling with 200 timesteps
Non-fatal Warning [dataset.py]: The wav path " wavs/LJ018-0183.wav " is not find in the metadata. Use empty waveform instead. This is normal in the inference process.
Given pitch_sketch: True | Given energy_sketch: True
Given pitch: False | Given energy: False | Given phoneme_duration: True
Use ddim sampler
Data shape for DDIM sampling is (1, 8, 216, 20), eta 1.0
Running DDIM Sampling with 200 timesteps
Non-fatal Warning [dataset.py]: The wav path " wavs/LJ019-0381.wav " is not find in the metadata. Use empty waveform instead. This is normal in the inference process.
Given pitch_sketch: True | Given energy_sketch: True
Given pitch: False | Given energy: False | Given phoneme_duration: True
Use ddim sampler
Data shape for DDIM sampling is (1, 8, 216, 20), eta 1.0
Running DDIM Sampling with 200 timesteps
Plotting: Restored training weights
DIR_A: log/latent_diffusion/config/drawspeech_ljspeech_22k/infer_07-30-19:00_cfg_scale_3.5_ddim_200_n_cand_1
--- A vs ORIGINAL ---
Processed 10 files (skipped 0)
Average Pitch RMSE: 32.16 Hz
Average Energy RMSE: 4.28 dB
--- A vs SOURCE ---
Processed 10 pairs (skipped 0)
Average Pitch RMSE: 89.57 Hz
Average Energy RMSE: 22.43 dB
===== VARIANT B =====
SEED EVERYTHING TO 0
Add-ons: [<function get_preprocessed_meta at 0x7bb003ef53f0>]
Dataset initialize finished
Reload ckpt specified in the config file data/checkpoints/drawspeech_fixed.ckpt
LatentDiffusion: Running in eps-prediction mode
DiffusionWrapper has 93.85 M params.
Keeping EMAs of 784.
making attention of type 'vanilla' with 512 in_channels
making attention of type 'vanilla' with 512 in_channels
loaded pretrained LPIPS loss from taming/modules/autoencoder/lpips/vgg.pth
==> Loading HiFi-GAN LJ_V1 (https://github.com/jik876/hifi-gan) pretrained on LJSpeech
Removing weight norm...
Initial learning rate 1e-05
--> Reload weight of autoencoder from data/checkpoints/vae.ckpt
prob_drop_pitch: 0.2 | prob_drop_energy: 0.2
Set infer mode for TextEncoderwithVarianceAdaptor
Set infer mode for SketchEncoder
Waveform inference save path:  ./log/latent_diffusion/config/drawspeech_ljspeech_22k/infer_07-30-19:04_cfg_scale_3.5_ddim_200_n_cand_1
Plotting: Switched to EMA weights
Non-fatal Warning [dataset.py]: The wav path " wavs/LJ038-0144.wav " is not find in the metadata. Use empty waveform instead. This is normal in the inference process.
Given pitch_sketch: True | Given energy_sketch: True
Given pitch: False | Given energy: False | Given phoneme_duration: True
Use ddim sampler
Data shape for DDIM sampling is (1, 8, 216, 20), eta 1.0
Running DDIM Sampling with 200 timesteps
Non-fatal Warning [dataset.py]: The wav path " wavs/LJ014-0074.wav " is not find in the metadata. Use empty waveform instead. This is normal in the inference process.
Given pitch_sketch: True | Given energy_sketch: True
Given pitch: False | Given energy: False | Given phoneme_duration: True
Use ddim sampler
Data shape for DDIM sampling is (1, 8, 216, 20), eta 1.0
Running DDIM Sampling with 200 timesteps
Non-fatal Warning [dataset.py]: The wav path " wavs/LJ047-0199.wav " is not find in the metadata. Use empty waveform instead. This is normal in the inference process.
Given pitch_sketch: True | Given energy_sketch: True
Given pitch: False | Given energy: False | Given phoneme_duration: True
Use ddim sampler
Data shape for DDIM sampling is (1, 8, 216, 20), eta 1.0
Running DDIM Sampling with 200 timesteps
Non-fatal Warning [dataset.py]: The wav path " wavs/LJ033-0181.wav " is not find in the metadata. Use empty waveform instead. This is normal in the inference process.
Given pitch_sketch: True | Given energy_sketch: True
Given pitch: False | Given energy: False | Given phoneme_duration: True
Use ddim sampler
Data shape for DDIM sampling is (1, 8, 216, 20), eta 1.0
Running DDIM Sampling with 200 timesteps
Non-fatal Warning [dataset.py]: The wav path " wavs/LJ014-0294.wav " is not find in the metadata. Use empty waveform instead. This is normal in the inference process.
Given pitch_sketch: True | Given energy_sketch: True
Given pitch: False | Given energy: False | Given phoneme_duration: True
Use ddim sampler
Data shape for DDIM sampling is (1, 8, 216, 20), eta 1.0
Running DDIM Sampling with 200 timesteps
Non-fatal Warning [dataset.py]: The wav path " wavs/LJ027-0072.wav " is not find in the metadata. Use empty waveform instead. This is normal in the inference process.
Given pitch_sketch: True | Given energy_sketch: True
Given pitch: False | Given energy: False | Given phoneme_duration: True
Use ddim sampler
Data shape for DDIM sampling is (1, 8, 216, 20), eta 1.0
Running DDIM Sampling with 200 timesteps
Non-fatal Warning [dataset.py]: The wav path " wavs/LJ021-0019.wav " is not find in the metadata. Use empty waveform instead. This is normal in the inference process.
Given pitch_sketch: True | Given energy_sketch: True
Given pitch: False | Given energy: False | Given phoneme_duration: True
Use ddim sampler
Data shape for DDIM sampling is (1, 8, 216, 20), eta 1.0
Running DDIM Sampling with 200 timesteps
Non-fatal Warning [dataset.py]: The wav path " wavs/LJ030-0151.wav " is not find in the metadata. Use empty waveform instead. This is normal in the inference process.
Given pitch_sketch: True | Given energy_sketch: True
Given pitch: False | Given energy: False | Given phoneme_duration: True
Use ddim sampler
Data shape for DDIM sampling is (1, 8, 216, 20), eta 1.0
Running DDIM Sampling with 200 timesteps
Non-fatal Warning [dataset.py]: The wav path " wavs/LJ018-0183.wav " is not find in the metadata. Use empty waveform instead. This is normal in the inference process.
Given pitch_sketch: True | Given energy_sketch: True
Given pitch: False | Given energy: False | Given phoneme_duration: True
Use ddim sampler
Data shape for DDIM sampling is (1, 8, 216, 20), eta 1.0
Running DDIM Sampling with 200 timesteps
Non-fatal Warning [dataset.py]: The wav path " wavs/LJ019-0381.wav " is not find in the metadata. Use empty waveform instead. This is normal in the inference process.
Given pitch_sketch: True | Given energy_sketch: True
Given pitch: False | Given energy: False | Given phoneme_duration: True
Use ddim sampler
Data shape for DDIM sampling is (1, 8, 216, 20), eta 1.0
Running DDIM Sampling with 200 timesteps
Plotting: Restored training weights
DIR_B: log/latent_diffusion/config/drawspeech_ljspeech_22k/infer_07-30-19:04_cfg_scale_3.5_ddim_200_n_cand_1
--- B vs ORIGINAL ---
Processed 10 files (skipped 0)
Average Pitch RMSE: 34.11 Hz
Average Energy RMSE: 4.52 dB
--- B vs SOURCE ---
Processed 10 pairs (skipped 0)
Average Pitch RMSE: 82.47 Hz
Average Energy RMSE: 20.93 dB
finished: Thu Jul 30 07:07:16 PM CEST 2026
=== JOB_STATISTICS ===
=== current date     : Thu Jul 30 07:07:16 PM CEST 2026
= Job-ID             : 1765340 on tinygpu
= Job-Name           : pitch_cross_nodur
= Job-Command        : /home/hpc/iwi5/iwi5408h/repro1/drawspeech_LJSpeech_Reproduce_and_interactive_demo/run_10x2_sketches.sbatch
= Initial workdir    : /home/hpc/iwi5/iwi5408h/repro1/drawspeech_LJSpeech_Reproduce_and_interactive_demo
= Queue/Partition    : work
= Slurm account      : iwi5 with QOS=normal
= Requested resources:  for 03:00:00
= Elapsed runtime    : 00:08:04
= Total RAM usage    : 7.7 GiB of requested  GiB (%)
= Node list          : tg081
= Subm/Elig/Start/End: 2026-07-30T18:59:12 / 2026-07-30T18:59:12 / 2026-07-30T18:59:12 / 2026-07-30T19:07:16
======================
=== Quota infos ======
    Path                 Used     SoftQ    HardQ    Gracetime  Filec    FileQ    FiHaQ    FileGrace
!!! /home/hpc             113.1G   104.9G   209.7G  -29039days     553K     500K   1,000K  -29039days !!!
    /home/woody             0.0K  1000.0G  1500.0G        N/A       2    5,000K   7,500K        N/A
======================
=== GPU utilization ==
gpu_name, gpu_bus_id, pid, gpu_utilization [%], mem_utilization [%], max_memory_usage [MiB], time [ms]
NVIDIA GeForce RTX 3080, 00000000:1B:00.0, 1283075, 39 %, 22 %, 2386 MiB, 216697 ms
NVIDIA GeForce RTX 3080, 00000000:1B:00.0, 1283194, 45 %, 25 %, 2386 MiB, 185282 ms
